[2025-12-27 23:07:23.108] [info] Logseq App(0.10.15) Starting... 
[2025-12-27 23:07:23.112] [info] restore proxy settings {:type "system"}
[2025-12-27 23:07:23.113] [info] set proxy to {:type "system"}
[2025-12-27 23:07:25.178] [debug] :electron.handler/watch-dir {:path "/home/kromid/.logseq/config"}
[2025-12-27 23:07:29.956] [info] :electron.handler/open-dir open folder selection dialog
[2025-12-27 23:07:35.068] [debug] :electron.handler/open-dir {:path "/home/kromid/Documents/Logseq"}
[2025-12-27 23:07:36.755] [debug] :electron.handler/watch-dir {:path "/home/kromid/Documents/Logseq"}
[2025-12-27 23:08:05.070] [debug] window-all-closed Quitting...
[2025-12-27 23:08:05.719] [info] Logseq App(0.10.15) Starting... 
[2025-12-27 23:08:05.723] [info] restore proxy settings {:type "system"}
[2025-12-27 23:08:05.724] [info] set proxy to {:type "system"}
[2025-12-27 23:08:07.627] [debug] :electron.handler/watch-dir {:path "/home/kromid/.logseq/config"}
[2025-12-27 23:08:07.679] [debug] :electron.handler/unwatch-dir {:path "/home/kromid/Documents/Logseq"}
[2025-12-27 23:08:07.679] [debug] :electron.handler/watch-dir {:path "/home/kromid/Documents/Logseq"}
[2025-12-27 23:08:47.934] [debug] window-all-closed Quitting...
[2026-02-20 22:32:52.630] [info] Logseq App(0.10.15) Starting... 
[2026-02-20 22:32:52.634] [info] restore proxy settings {:type "system"}
[2026-02-20 22:32:52.635] [info] set proxy to {:type "system"}
[2026-02-20 22:32:54.647] [debug] :electron.handler/watch-dir {:path "/home/kromid/.logseq/config"}
[2026-02-20 22:32:54.716] [debug] :electron.handler/unwatch-dir {:path "/home/kromid/Documents/Logseq"}
[2026-02-20 22:32:54.717] [debug] :electron.handler/watch-dir {:path "/home/kromid/Documents/Logseq"}
[2026-02-20 22:37:56.142] [debug] window-all-closed Quitting...
[2026-02-22 08:10:26.527] [info] Logseq App(0.10.15) Starting... 
[2026-02-22 08:10:26.532] [info] restore proxy settings {:type "system"}
[2026-02-22 08:10:26.533] [info] set proxy to {:type "system"}
[2026-02-22 08:10:28.498] [debug] :electron.handler/watch-dir {:path "/home/kromid/.logseq/config"}
[2026-02-22 08:10:28.517] [debug] :electron.handler/unwatch-dir {:path "/home/kromid/Documents/Logseq"}
[2026-02-22 08:10:28.518] [debug] :electron.handler/watch-dir {:path "/home/kromid/Documents/Logseq"}
[2026-02-22 08:40:36.175] [debug] window-all-closed Quitting...
